[     123ms] [LOG] [Fast Refresh] rebuilding @ http://localhost:3000/_next/static/chunks/0.ct_next_dist_09_znf.._.js:2431
[    2944ms] [LOG] [Fast Refresh] done in 2929ms @ http://localhost:3000/_next/static/chunks/0.ct_next_dist_09_znf.._.js:2431
[    3290ms] [VERBOSE] [DOM] Input elements should have autocomplete attributes (suggested: "new-password"): (More info: https://goo.gl/9p2vKq) %o @ http://localhost:3000/admin/blog:0
[    3302ms] [INFO] %cDownload the React DevTools for a better development experience: https://react.dev/link/react-devtools font-weight:bold @ http://localhost:3000/_next/static/chunks/0.ct_next_dist_09_znf.._.js:2431
[    3361ms] [LOG] [HMR] connected @ http://localhost:3000/_next/static/chunks/0.ct_next_dist_09_znf.._.js:2431
[    3620ms] [ERROR] Failed to load resource: the server responded with a status of 404 (Not Found) @ http://localhost:3000/watermarked_img_11443283127393356644.png:0
[    3891ms] [LOG] [Fast Refresh] rebuilding @ http://localhost:3000/_next/static/chunks/0.ct_next_dist_09_znf.._.js:2431
[    4912ms] [LOG] [Fast Refresh] done in 1136ms @ http://localhost:3000/_next/static/chunks/0.ct_next_dist_09_znf.._.js:2431
[   33919ms] [ERROR] Failed to load blogs: Error: Supabase not configured
    at getAllBlogs (http://localhost:3000/_next/static/chunks/karma_0e5gmns._.js:107:26)
    at loadBlogs (http://localhost:3000/_next/static/chunks/karma_0e5gmns._.js:200:183)
    at AdminBlogDashboard.useEffect (http://localhost:3000/_next/static/chunks/karma_0e5gmns._.js:195:13)
    at Object.react_stack_bottom_frame (http://localhost:3000/_next/static/chunks/0.ct_next_dist_compiled_react-dom_042imrr._.js:15087:22)
    at runWithFiberInDEV (http://localhost:3000/_next/static/chunks/0.ct_next_dist_compiled_react-dom_042imrr._.js:965:74)
    at commitHookEffectListMount (http://localhost:3000/_next/static/chunks/0.ct_next_dist_compiled_react-dom_042imrr._.js:7255:167)
    at commitHookPassiveMountEffects (http://localhost:3000/_next/static/chunks/0.ct_next_dist_compiled_react-dom_042imrr._.js:7290:60)
    at commitPassiveMountOnFiber (http://localhost:3000/_next/static/chunks/0.ct_next_dist_compiled_react-dom_042imrr._.js:8689:33)
    at recursivelyTraversePassiveMountEffects (http://localhost:3000/_next/static/chunks/0.ct_next_dist_compiled_react-dom_042imrr._.js:8676:316)
    at commitPassiveMountOnFiber (http://localhost:3000/_next/static/chunks/0.ct_next_dist_compiled_react-dom_042imrr._.js:8688:17)
    at recursivelyTraversePassiveMountEffects (http://localhost:3000/_next/static/chunks/0.ct_next_dist_compiled_react-dom_042imrr._.js:8676:316)
    at commitPassiveMountOnFiber (http://localhost:3000/_next/static/chunks/0.ct_next_dist_compiled_react-dom_042imrr._.js:8688:17)
    at recursivelyTraversePassiveMountEffects (http://localhost:3000/_next/static/chunks/0.ct_next_dist_compiled_react-dom_042imrr._.js:8676:316)
    at commitPassiveMountOnFiber (http://localhost:3000/_next/static/chunks/0.ct_next_dist_compiled_react-dom_042imrr._.js:8688:17)
    at recursivelyTraversePassiveMountEffects (http://localhost:3000/_next/static/chunks/0.ct_next_dist_compiled_react-dom_042imrr._.js:8676:316)
    at commitPassiveMountOnFiber (http://localhost:3000/_next/static/chunks/0.ct_next_dist_compiled_react-dom_042imrr._.js:8750:17)
    at recursivelyTraversePassiveMountEffects (http://localhost:3000/_next/static/chunks/0.ct_next_dist_compiled_react-dom_042imrr._.js:8676:316)
    at commitPassiveMountOnFiber (http://localhost:3000/_next/static/chunks/0.ct_next_dist_compiled_react-dom_042imrr._.js:8750:17)
    at recursivelyTraversePassiveMountEffects (http://localhost:3000/_next/static/chunks/0.ct_next_dist_compiled_react-dom_042imrr._.js:8676:316)
    at commitPassiveMountOnFiber (http://localhost:3000/_next/static/chunks/0.ct_next_dist_compiled_react-dom_042imrr._.js:8688:17)
    at recursivelyTraversePassiveMountEffects (http://localhost:3000/_next/static/chunks/0.ct_next_dist_compiled_react-dom_042imrr._.js:8676:316)
    at commitPassiveMountOnFiber (http://localhost:3000/_next/static/chunks/0.ct_next_dist_compiled_react-dom_042imrr._.js:8693:17)
    at recursivelyTraversePassiveMountEffects (http://localhost:3000/_next/static/chunks/0.ct_next_dist_compiled_react-dom_042imrr._.js:8676:316)
    at commitPassiveMountOnFiber (http://localhost:3000/_next/static/chunks/0.ct_next_dist_compiled_react-dom_042imrr._.js:8688:17)
    at recursivelyTraversePassiveMountEffects (http://localhost:3000/_next/static/chunks/0.ct_next_dist_compiled_react-dom_042imrr._.js:8676:316)
    at commitPassiveMountOnFiber (http://localhost:3000/_next/static/chunks/0.ct_next_dist_compiled_react-dom_042imrr._.js:8688:17)
    at recursivelyTraversePassiveMountEffects (http://localhost:3000/_next/static/chunks/0.ct_next_dist_compiled_react-dom_042imrr._.js:8676:316)
    at commitPassiveMountOnFiber (http://localhost:3000/_next/static/chunks/0.ct_next_dist_compiled_react-dom_042imrr._.js:8688:17)
    at recursivelyTraversePassiveMountEffects (http://localhost:3000/_next/static/chunks/0.ct_next_dist_compiled_react-dom_042imrr._.js:8676:316)
    at commitPassiveMountOnFiber (http://localhost:3000/_next/static/chunks/0.ct_next_dist_compiled_react-dom_042imrr._.js:8688:17)
    at recursivelyTraversePassiveMountEffects (http://localhost:3000/_next/static/chunks/0.ct_next_dist_compiled_react-dom_042imrr._.js:8676:316)
    at commitPassiveMountOnFiber (http://localhost:3000/_next/static/chunks/0.ct_next_dist_compiled_react-dom_042imrr._.js:8693:17)
    at recursivelyTraversePassiveMountEffects (http://localhost:3000/_next/static/chunks/0.ct_next_dist_compiled_react-dom_042imrr._.js:8676:316)
    at commitPassiveMountOnFiber (http://localhost:3000/_next/static/chunks/0.ct_next_dist_compiled_react-dom_042imrr._.js:8688:17)
    at recursivelyTraversePassiveMountEffects (http://localhost:3000/_next/static/chunks/0.ct_next_dist_compiled_react-dom_042imrr._.js:8676:316)
    at commitPassiveMountOnFiber (http://localhost:3000/_next/static/chunks/0.ct_next_dist_compiled_react-dom_042imrr._.js:8688:17)
    at recursivelyTraversePassiveMountEffects (http://localhost:3000/_next/static/chunks/0.ct_next_dist_compiled_react-dom_042imrr._.js:8676:316)
    at commitPassiveMountOnFiber (http://localhost:3000/_next/static/chunks/0.ct_next_dist_compiled_react-dom_042imrr._.js:8750:17)
    at recursivelyTraversePassiveMountEffects (http://localhost:3000/_next/static/chunks/0.ct_next_dist_compiled_react-dom_042imrr._.js:8676:316)
    at commitPassiveMountOnFiber (http://localhost:3000/_next/static/chunks/0.ct_next_dist_compiled_react-dom_042imrr._.js:8750:17)
    at recursivelyTraversePassiveMountEffects (http://localhost:3000/_next/static/chunks/0.ct_next_dist_compiled_react-dom_042imrr._.js:8676:316)
    at commitPassiveMountOnFiber (http://localhost:3000/_next/static/chunks/0.ct_next_dist_compiled_react-dom_042imrr._.js:8688:17)
    at recursivelyTraversePassiveMountEffects (http://localhost:3000/_next/static/chunks/0.ct_next_dist_compiled_react-dom_042imrr._.js:8676:316)
    at commitPassiveMountOnFiber (http://localhost:3000/_next/static/chunks/0.ct_next_dist_compiled_react-dom_042imrr._.js:8688:17)
    at recursivelyTraversePassiveMountEffects (http://localhost:3000/_next/static/chunks/0.ct_next_dist_compiled_react-dom_042imrr._.js:8676:316)
    at commitPassiveMountOnFiber (http://localhost:3000/_next/static/chunks/0.ct_next_dist_compiled_react-dom_042imrr._.js:8750:17)
    at recursivelyTraversePassiveMountEffects (http://localhost:3000/_next/static/chunks/0.ct_next_dist_compiled_react-dom_042imrr._.js:8676:316)
    at commitPassiveMountOnFiber (http://localhost:3000/_next/static/chunks/0.ct_next_dist_compiled_react-dom_042imrr._.js:8750:17)
    at recursivelyTraversePassiveMountEffects (http://localhost:3000/_next/static/chunks/0.ct_next_dist_compiled_react-dom_042imrr._.js:8676:316)
    at commitPassiveMountOnFiber (http://localhost:3000/_next/static/chunks/0.ct_next_dist_compiled_react-dom_042imrr._.js:8750:17) @ http://localhost:3000/_next/static/chunks/0.ct_next_dist_09_znf.._.js:3272
[   34009ms] [ERROR] Failed to load blogs: Error: Supabase not configured
    at getAllBlogs (http://localhost:3000/_next/static/chunks/karma_0e5gmns._.js:107:26)
    at loadBlogs (http://localhost:3000/_next/static/chunks/karma_0e5gmns._.js:200:183)
    at AdminBlogDashboard.useEffect (http://localhost:3000/_next/static/chunks/karma_0e5gmns._.js:195:13)
    at Object.react_stack_bottom_frame (http://localhost:3000/_next/static/chunks/0.ct_next_dist_compiled_react-dom_042imrr._.js:15087:22)
    at runWithFiberInDEV (http://localhost:3000/_next/static/chunks/0.ct_next_dist_compiled_react-dom_042imrr._.js:965:74)
    at commitHookEffectListMount (http://localhost:3000/_next/static/chunks/0.ct_next_dist_compiled_react-dom_042imrr._.js:7255:167)
    at commitHookPassiveMountEffects (http://localhost:3000/_next/static/chunks/0.ct_next_dist_compiled_react-dom_042imrr._.js:7290:60)
    at reconnectPassiveEffects (http://localhost:3000/_next/static/chunks/0.ct_next_dist_compiled_react-dom_042imrr._.js:8779:17)
    at doubleInvokeEffectsOnFiber (http://localhost:3000/_next/static/chunks/0.ct_next_dist_compiled_react-dom_042imrr._.js:10117:133)
    at runWithFiberInDEV (http://localhost:3000/_next/static/chunks/0.ct_next_dist_compiled_react-dom_042imrr._.js:965:74)
    at recursivelyTraverseAndDoubleInvokeEffectsInDEV (http://localhost:3000/_next/static/chunks/0.ct_next_dist_compiled_react-dom_042imrr._.js:10110:79)
    at recursivelyTraverseAndDoubleInvokeEffectsInDEV (http://localhost:3000/_next/static/chunks/0.ct_next_dist_compiled_react-dom_042imrr._.js:10110:147)
    at recursivelyTraverseAndDoubleInvokeEffectsInDEV (http://localhost:3000/_next/static/chunks/0.ct_next_dist_compiled_react-dom_042imrr._.js:10110:147)
    at recursivelyTraverseAndDoubleInvokeEffectsInDEV (http://localhost:3000/_next/static/chunks/0.ct_next_dist_compiled_react-dom_042imrr._.js:10110:147)
    at recursivelyTraverseAndDoubleInvokeEffectsInDEV (http://localhost:3000/_next/static/chunks/0.ct_next_dist_compiled_react-dom_042imrr._.js:10110:147)
    at recursivelyTraverseAndDoubleInvokeEffectsInDEV (http://localhost:3000/_next/static/chunks/0.ct_next_dist_compiled_react-dom_042imrr._.js:10110:147)
    at recursivelyTraverseAndDoubleInvokeEffectsInDEV (http://localhost:3000/_next/static/chunks/0.ct_next_dist_compiled_react-dom_042imrr._.js:10110:147)
    at recursivelyTraverseAndDoubleInvokeEffectsInDEV (http://localhost:3000/_next/static/chunks/0.ct_next_dist_compiled_react-dom_042imrr._.js:10110:147)
    at recursivelyTraverseAndDoubleInvokeEffectsInDEV (http://localhost:3000/_next/static/chunks/0.ct_next_dist_compiled_react-dom_042imrr._.js:10110:147)
    at recursivelyTraverseAndDoubleInvokeEffectsInDEV (http://localhost:3000/_next/static/chunks/0.ct_next_dist_compiled_react-dom_042imrr._.js:10110:147)
    at recursivelyTraverseAndDoubleInvokeEffectsInDEV (http://localhost:3000/_next/static/chunks/0.ct_next_dist_compiled_react-dom_042imrr._.js:10110:147)
    at recursivelyTraverseAndDoubleInvokeEffectsInDEV (http://localhost:3000/_next/static/chunks/0.ct_next_dist_compiled_react-dom_042imrr._.js:10110:147)
    at recursivelyTraverseAndDoubleInvokeEffectsInDEV (http://localhost:3000/_next/static/chunks/0.ct_next_dist_compiled_react-dom_042imrr._.js:10110:147)
    at recursivelyTraverseAndDoubleInvokeEffectsInDEV (http://localhost:3000/_next/static/chunks/0.ct_next_dist_compiled_react-dom_042imrr._.js:10110:147)
    at recursivelyTraverseAndDoubleInvokeEffectsInDEV (http://localhost:3000/_next/static/chunks/0.ct_next_dist_compiled_react-dom_042imrr._.js:10110:147)
    at recursivelyTraverseAndDoubleInvokeEffectsInDEV (http://localhost:3000/_next/static/chunks/0.ct_next_dist_compiled_react-dom_042imrr._.js:10110:147)
    at recursivelyTraverseAndDoubleInvokeEffectsInDEV (http://localhost:3000/_next/static/chunks/0.ct_next_dist_compiled_react-dom_042imrr._.js:10110:147)
    at recursivelyTraverseAndDoubleInvokeEffectsInDEV (http://localhost:3000/_next/static/chunks/0.ct_next_dist_compiled_react-dom_042imrr._.js:10110:147)
    at recursivelyTraverseAndDoubleInvokeEffectsInDEV (http://localhost:3000/_next/static/chunks/0.ct_next_dist_compiled_react-dom_042imrr._.js:10110:147)
    at recursivelyTraverseAndDoubleInvokeEffectsInDEV (http://localhost:3000/_next/static/chunks/0.ct_next_dist_compiled_react-dom_042imrr._.js:10110:147)
    at recursivelyTraverseAndDoubleInvokeEffectsInDEV (http://localhost:3000/_next/static/chunks/0.ct_next_dist_compiled_react-dom_042imrr._.js:10110:147)
    at recursivelyTraverseAndDoubleInvokeEffectsInDEV (http://localhost:3000/_next/static/chunks/0.ct_next_dist_compiled_react-dom_042imrr._.js:10110:147)
    at recursivelyTraverseAndDoubleInvokeEffectsInDEV (http://localhost:3000/_next/static/chunks/0.ct_next_dist_compiled_react-dom_042imrr._.js:10110:147)
    at recursivelyTraverseAndDoubleInvokeEffectsInDEV (http://localhost:3000/_next/static/chunks/0.ct_next_dist_compiled_react-dom_042imrr._.js:10110:147)
    at recursivelyTraverseAndDoubleInvokeEffectsInDEV (http://localhost:3000/_next/static/chunks/0.ct_next_dist_compiled_react-dom_042imrr._.js:10110:147)
    at recursivelyTraverseAndDoubleInvokeEffectsInDEV (http://localhost:3000/_next/static/chunks/0.ct_next_dist_compiled_react-dom_042imrr._.js:10110:147)
    at recursivelyTraverseAndDoubleInvokeEffectsInDEV (http://localhost:3000/_next/static/chunks/0.ct_next_dist_compiled_react-dom_042imrr._.js:10110:147)
    at recursivelyTraverseAndDoubleInvokeEffectsInDEV (http://localhost:3000/_next/static/chunks/0.ct_next_dist_compiled_react-dom_042imrr._.js:10110:147)
    at recursivelyTraverseAndDoubleInvokeEffectsInDEV (http://localhost:3000/_next/static/chunks/0.ct_next_dist_compiled_react-dom_042imrr._.js:10110:147)
    at recursivelyTraverseAndDoubleInvokeEffectsInDEV (http://localhost:3000/_next/static/chunks/0.ct_next_dist_compiled_react-dom_042imrr._.js:10110:147)
    at recursivelyTraverseAndDoubleInvokeEffectsInDEV (http://localhost:3000/_next/static/chunks/0.ct_next_dist_compiled_react-dom_042imrr._.js:10110:147)
    at recursivelyTraverseAndDoubleInvokeEffectsInDEV (http://localhost:3000/_next/static/chunks/0.ct_next_dist_compiled_react-dom_042imrr._.js:10110:147)
    at recursivelyTraverseAndDoubleInvokeEffectsInDEV (http://localhost:3000/_next/static/chunks/0.ct_next_dist_compiled_react-dom_042imrr._.js:10110:147)
    at recursivelyTraverseAndDoubleInvokeEffectsInDEV (http://localhost:3000/_next/static/chunks/0.ct_next_dist_compiled_react-dom_042imrr._.js:10110:147)
    at recursivelyTraverseAndDoubleInvokeEffectsInDEV (http://localhost:3000/_next/static/chunks/0.ct_next_dist_compiled_react-dom_042imrr._.js:10110:147)
    at recursivelyTraverseAndDoubleInvokeEffectsInDEV (http://localhost:3000/_next/static/chunks/0.ct_next_dist_compiled_react-dom_042imrr._.js:10110:147)
    at recursivelyTraverseAndDoubleInvokeEffectsInDEV (http://localhost:3000/_next/static/chunks/0.ct_next_dist_compiled_react-dom_042imrr._.js:10110:147)
    at recursivelyTraverseAndDoubleInvokeEffectsInDEV (http://localhost:3000/_next/static/chunks/0.ct_next_dist_compiled_react-dom_042imrr._.js:10110:147)
    at recursivelyTraverseAndDoubleInvokeEffectsInDEV (http://localhost:3000/_next/static/chunks/0.ct_next_dist_compiled_react-dom_042imrr._.js:10110:147)
    at recursivelyTraverseAndDoubleInvokeEffectsInDEV (http://localhost:3000/_next/static/chunks/0.ct_next_dist_compiled_react-dom_042imrr._.js:10110:147) @ http://localhost:3000/_next/static/chunks/0.ct_next_dist_09_znf.._.js:3272
[   35166ms] [LOG] [Fast Refresh] rebuilding @ http://localhost:3000/_next/static/chunks/0.ct_next_dist_09_znf.._.js:2431
[   35185ms] [LOG] [Fast Refresh] done in 132ms @ http://localhost:3000/_next/static/chunks/0.ct_next_dist_09_znf.._.js:2431
[   35287ms] [LOG] [Fast Refresh] rebuilding @ http://localhost:3000/_next/static/chunks/0.ct_next_dist_09_znf.._.js:2431
[   35630ms] [LOG] [Fast Refresh] done in 444ms @ http://localhost:3000/_next/static/chunks/0.ct_next_dist_09_znf.._.js:2431
[   35760ms] [LOG] [Fast Refresh] rebuilding @ http://localhost:3000/_next/static/chunks/0.ct_next_dist_09_znf.._.js:2431
[   35778ms] [LOG] [Fast Refresh] done in 132ms @ http://localhost:3000/_next/static/chunks/0.ct_next_dist_09_znf.._.js:2431
[ 2972741ms] [LOG] [HMR] connected @ http://localhost:3000/_next/static/chunks/0.ct_next_dist_09_znf.._.js:2431
[ 2973232ms] [LOG] [Fast Refresh] rebuilding @ http://localhost:3000/_next/static/chunks/0.ct_next_dist_09_znf.._.js:2431
[ 2974892ms] [LOG] [Fast Refresh] done in 1765ms @ http://localhost:3000/_next/static/chunks/0.ct_next_dist_09_znf.._.js:2431
[ 3123476ms] [ERROR] Failed to load resource: the server responded with a status of 404 (Not Found) @ http://localhost:3000/watermarked_img_11443283127393356644.png:0
[ 3123627ms] [INFO] %cDownload the React DevTools for a better development experience: https://react.dev/link/react-devtools font-weight:bold @ http://localhost:3000/_next/static/chunks/0.ct_next_dist_09_znf.._.js:2431
[ 3123697ms] [LOG] [HMR] connected @ http://localhost:3000/_next/static/chunks/0.ct_next_dist_09_znf.._.js:2431
[ 3133279ms] [LOG] [Fast Refresh] rebuilding @ http://localhost:3000/_next/static/chunks/0.ct_next_dist_09_znf.._.js:2431
[ 3133524ms] [LOG] [Fast Refresh] done in 345ms @ http://localhost:3000/_next/static/chunks/0.ct_next_dist_09_znf.._.js:2431
[ 3133656ms] [INFO] %cDownload the React DevTools for a better development experience: https://react.dev/link/react-devtools font-weight:bold @ http://localhost:3000/_next/static/chunks/0.ct_next_dist_09_znf.._.js:2431
[ 3133712ms] [LOG] [HMR] connected @ http://localhost:3000/_next/static/chunks/0.ct_next_dist_09_znf.._.js:2431
[ 3133826ms] [LOG] [Fast Refresh] rebuilding @ http://localhost:3000/_next/static/chunks/0.ct_next_dist_09_znf.._.js:2431
[ 3133841ms] [LOG] [Fast Refresh] done in 119ms @ http://localhost:3000/_next/static/chunks/0.ct_next_dist_09_znf.._.js:2431
[ 3133916ms] [ERROR] Failed to load resource: the server responded with a status of 404 (Not Found) @ http://localhost:3000/watermarked_img_11443283127393356644.png:0
[ 3137499ms] [INFO] %cDownload the React DevTools for a better development experience: https://react.dev/link/react-devtools font-weight:bold @ http://localhost:3000/_next/static/chunks/0.ct_next_dist_09_znf.._.js:2431
[ 3137589ms] [LOG] [HMR] connected @ http://localhost:3000/_next/static/chunks/0.ct_next_dist_09_znf.._.js:2431
[ 3137608ms] [ERROR] Failed to load resource: the server responded with a status of 404 (Not Found) @ http://localhost:3000/watermarked_img_11443283127393356644.png:0
[ 3138555ms] [INFO] %cDownload the React DevTools for a better development experience: https://react.dev/link/react-devtools font-weight:bold @ http://localhost:3000/_next/static/chunks/0.ct_next_dist_09_znf.._.js:2431
[ 3138601ms] [LOG] [HMR] connected @ http://localhost:3000/_next/static/chunks/0.ct_next_dist_09_znf.._.js:2431
[ 3138739ms] [LOG] [Fast Refresh] rebuilding @ http://localhost:3000/_next/static/chunks/0.ct_next_dist_09_znf.._.js:2431
[ 3138751ms] [LOG] [Fast Refresh] done in 121ms @ http://localhost:3000/_next/static/chunks/0.ct_next_dist_09_znf.._.js:2431
[ 3138767ms] [ERROR] Failed to load resource: the server responded with a status of 404 (Not Found) @ http://localhost:3000/watermarked_img_11443283127393356644.png:0
[ 4014389ms] [LOG] [Fast Refresh] rebuilding @ http://localhost:3000/_next/static/chunks/0.ct_next_dist_09_znf.._.js:2431
[ 4014408ms] [LOG] [Fast Refresh] done in 122ms @ http://localhost:3000/_next/static/chunks/0.ct_next_dist_09_znf.._.js:2431
[ 4016109ms] [LOG] [Fast Refresh] rebuilding @ http://localhost:3000/_next/static/chunks/0.ct_next_dist_09_znf.._.js:2431
[ 4016131ms] [LOG] [Fast Refresh] done in 134ms @ http://localhost:3000/_next/static/chunks/0.ct_next_dist_09_znf.._.js:2431
